// Jest Snapshot v1, https://goo.gl/fbAQLP

exports[`app/components/FolderButtonContainer should render and call discogs.getThumbsInFolder 1`] = `
<FolderButton
  folder={
    Object {
      "count": 2,
      "id": 1,
      "name": "foo",
    }
  }
  thumbnails={undefined}
/>
`;
